<!doctype html public "-//w3c//dtd html 4.0 transitional//en">
<html><head>
<title>Static Call Graph - [.\Objects\Asm_lab1.axf]</title></head>
<body><HR>
<H1>Static Call Graph for image .\Objects\Asm_lab1.axf</H1><HR>
<BR><P>#&#060CALLGRAPH&#062# ARM Linker, 6150002: Last Updated: Sun Mar  7 17:25:37 2021
<BR><P>
<H3>Maximum Stack Usage =          0 bytes + Unknown(Untraceable Function Pointers)</H3><H3>
Call chain for Maximum Stack Depth:</H3>

<P>
<H3>
Function Pointers
</H3><UL>
 <LI><a href="#[0]">Reset_Handler</a> from lab1.o(MYCODE) referenced from lab1.o(RESET)
 <LI><a href="#[1]">_main</a> from lab1.o(MYCODE) referenced from lab1.o(MYCODE)
</UL>
<P>
<H3>
Global Symbols
</H3>
<P><STRONG><a name="[0]"></a>Reset_Handler</STRONG> (Thumb, 4 bytes, Stack size 0 bytes, lab1.o(MYCODE))
<BR>[Address Reference Count : 1]<UL><LI> lab1.o(RESET)
</UL><P>
<H3>
Local Symbols
</H3>
<P><STRONG><a name="[1]"></a>_main</STRONG> (Thumb, 88 bytes, Stack size 0 bytes, lab1.o(MYCODE))
<BR>[Address Reference Count : 1]<UL><LI> lab1.o(MYCODE)
</UL><P>
<H3>
Undefined Global Symbols
</H3><HR></body></html>
