Component: ARM Compiler 6.15 Tool: armlink [5dd79300]

==============================================================================

Section Cross References

    lab1.o(RESET) refers to lab1.o(STACK) for __initial_sp
    lab1.o(RESET) refers to lab1.o(MYCODE) for Reset_Handler
    lab1.o(MYCODE) refers to lab1.o(MYDATA) for A__
    lab1.o(MYCODE) refers to lab1.o(MYRESULT) for QA


==============================================================================

Image Symbol Table

    Local Symbols

    Symbol Name                              Value     Ov Type        Size  Object(Section)

    lab1.s                                   0x00000000   Number         0  lab1.o ABSOLUTE
    RESET                                    0x08000000   Section        8  lab1.o(RESET)
    $v0                                      0x08000008   Number         0  lab1.o(MYCODE)
    MYCODE                                   0x08000008   Section      120  lab1.o(MYCODE)
    _main                                    0x0800000d   Thumb Code    88  lab1.o(MYCODE)
    A__                                      0x08000080   Data           4  lab1.o(MYDATA)
    MYDATA                                   0x08000080   Section       16  lab1.o(MYDATA)
    B__                                      0x08000084   Data           4  lab1.o(MYDATA)
    C__                                      0x08000088   Data           4  lab1.o(MYDATA)
    D__                                      0x0800008c   Data           4  lab1.o(MYDATA)
    QA                                       0x20000000   Data           4  lab1.o(MYRESULT)
    MYRESULT                                 0x20000000   Section        8  lab1.o(MYRESULT)
    QL                                       0x20000004   Data           4  lab1.o(MYRESULT)
    STACK                                    0x20000010   Section     1024  lab1.o(STACK)
    __initial_sp                             0x20000410   Data           0  lab1.o(STACK)

    Global Symbols

    Symbol Name                              Value     Ov Type        Size  Object(Section)

    BuildAttributes$$THM_ISAv4$E$P$D$K$B$S$7EM$VFPi3$EXTD16$VFPS$VFMA$PE$A:L22UL41UL21$X:L11$S22US41US21$IEEE1$~IW$USESV6$~STKCKD$USESV7$~SHL$OSPACE$EBA8$STANDARDLIB$PRES8$EABIv2 0x00000000   Number         0  anon$$obj.o ABSOLUTE
    __Vectors                                0x08000000   Data           0  lab1.o(RESET)
    Reset_Handler                            0x08000009   Thumb Code     4  lab1.o(MYCODE)



==============================================================================

Memory Map of the image

  Image Entry point : 0x08000009

  Load Region LR_1 (Base: 0x08000000, Size: 0x00000098, Max: 0xffffffff, ABSOLUTE)

    Execution Region ER_RO (Exec base: 0x08000000, Load base: 0x08000000, Size: 0x00000090, Max: 0xffffffff, ABSOLUTE)

    Exec Addr    Load Addr    Size         Type   Attr      Idx    E Section Name        Object

    0x08000000   0x08000000   0x00000008   Data   RO            2    RESET               lab1.o
    0x08000008   0x08000008   0x00000078   Code   RO            5  * MYCODE              lab1.o
    0x08000080   0x08000080   0x00000010   Data   RO            3    MYDATA              lab1.o


    Execution Region ER_RW (Exec base: 0x20000000, Load base: 0x08000090, Size: 0x00000008, Max: 0xffffffff, ABSOLUTE)

    Exec Addr    Load Addr    Size         Type   Attr      Idx    E Section Name        Object

    0x20000000   0x08000090   0x00000008   Data   RW            4    MYRESULT            lab1.o


    Execution Region ER_ZI (Exec base: 0x20000010, Load base: 0x08000098, Size: 0x00000400, Max: 0xffffffff, ABSOLUTE)

    Exec Addr    Load Addr    Size         Type   Attr      Idx    E Section Name        Object

    0x20000010        -       0x00000400   Zero   RW            1    STACK               lab1.o


==============================================================================

Image component sizes


      Code (inc. data)   RO Data    RW Data    ZI Data      Debug   Object Name

       120         28         24          8       1024        412   lab1.o

    ----------------------------------------------------------------------
       120         28         24          8       1024        412   Object Totals
         0          0          0          0          0          0   (incl. Generated)
         0          0          0          0          0          0   (incl. Padding)

    ----------------------------------------------------------------------
         0          0          0          0          0          0   Library Totals
         0          0          0          0          0          0   (incl. Padding)

    ----------------------------------------------------------------------

==============================================================================


      Code (inc. data)   RO Data    RW Data    ZI Data      Debug   

       120         28         24          8       1024        412   Grand Totals
       120         28         24          8       1024        412   ELF Image Totals
       120         28         24          8          0          0   ROM Totals

==============================================================================

    Total RO  Size (Code + RO Data)                  144 (   0.14kB)
    Total RW  Size (RW Data + ZI Data)              1032 (   1.01kB)
    Total ROM Size (Code + RO Data + RW Data)        152 (   0.15kB)

==============================================================================

